Open Watcom Linker Version 1.9
Portions Copyright (c) 1985-2002 Sybase, Inc. All Rights Reserved.
Created on:       24/10/08 19:23:07
Executable Image: command.exe
creating a DOS executable


                        +------------+
                        |   Groups   |
                        +------------+

Group                           Address              Size
=====                           =======              ====

RESGROUP                        0000:0000            00002640
TRANGROUP                       0264:0000            00006cf0



                        +--------------+
                        |   Segments   |
                        +--------------+

Segment                Class          Group          Address         Size
=======                =====          =====          =======         ====

CODERES                               RESGROUP       0000:0000       00000e23
DATARES                               RESGROUP       00e2:0003       00000b9c
BATARENA                              RESGROUP       019c:0000       00000010
BATSEG                                RESGROUP       019d:0000       00000040
ENVARENA                              RESGROUP       01a1:0000       00000010
ENVIRONMENT                           RESGROUP       01a2:0000       000000a0
INIT                                  RESGROUP       01ac:0000       00000b80
TAIL                                  RESGROUP       0264:0000       00000000
TRANCODE                              TRANGROUP      0264:0000       000058b6
TRANDATA                              TRANGROUP      07ef:0006       0000049f
TRANSPACE                             TRANGROUP      0839:0005       00000f9a
TRANTAIL                              TRANGROUP      0933:0000       00000000
FOR_SEGMENT                           AUTO           0933:0000       00000000


                        +----------------+
                        |   Memory Map   |
                        +----------------+

* = unreferenced symbol
+ = symbol only referenced locally

Address        Symbol
=======        ======

Module: command1.obj(command1.asm)
0000:007f*     RESCOM
0000:1a2e      ECOMSPEC
0000:1ac0      ENVIREND
0000:0144      EXT_EXEC
0000:014a      EXEC_WAIT
0000:022f      RESPIPEOFF
0000:1a20      PATHSTRING
0000:0156      CONTC
Module: command2.obj(command2.asm)
0000:052d      CHKSUM
0000:0355      LODCOM1
0000:04de      LOADCOM
0000:0455      SAVHAND
0000:0566      ENDINIT
0000:0547      SETVECT
0000:0305*     SETSIZE
0000:03ec      THEADFIX
0000:047a      RESTHAND
0000:03d1      TREMCHECK
0000:2640      TRANSTART
0000:0474      GETCOMDSK2
0000:03cd*     TJMP
0000:02e9      LODCOM
0000:02b8      INT_2E
Module: rucode.obj(rucode.asm)
0000:08bf*     MSG_SERV_ST
0000:05bf      DSKERR
0000:0da6*     RES_CODE_END
0000:083c      RPRINT
0000:08a7      RESET_MSG_POINTERS
0000:08bf      READ_DISK_PROC
0000:0882      ITESTKANJ
0000:096c      SYSGETMSG
0000:0839      CRLF
0000:0ab1      SYSDISPMSG
0000:05a2      ASKEND
Module: rdata.obj(rdata.asm)
0000:0eb6      EXECEMES_OFF
0000:0e61      ERR15_OP_SEG
0000:0e23      RSTACK
0000:0ed0      PARENT
0000:0eb8      EXECEMES_SEG
0000:0ec5      REMMSG
0000:0f26      COMDRV
0000:0ea0      COMPRMT1_SEG
0000:0e4d      DEVE_OP_SEG2
0000:0e8f      BADFAT_SUBST
0000:0f39      VERVAL
0000:0f2b      EXTCOM
0000:0e3c      DRVLET
0000:0f21      TRNSEG
0000:0f27      MEMSIZ
0000:0f59      APPEND_STATE
0000:0e8a*     VOLSER
0000:0f3e      FORPTR
0000:0e26      DRVNUM_BLOCK
0000:0f51      CRIT_MSG_OFF
0000:0f53      CRIT_MSG_SEG
0000:0e24      NUMBER_SUBST
0000:13f1      CRITICAL_MSG_START
0000:0e6c      ERR15_OP_SEG2
0000:0e77      ERR15_OP_SEG3
0000:0eda      LOADING
0000:1706      EXTENDED_MSG_START
0000:0e54      DEVENAM
0000:0eab      COMPRMT1_SEG2
0000:0f3d      FORFLAG
0000:0f2c      RETCODE
0000:0e25      DRVNUM_SUBST
0000:0edd      COMSPEC
0000:0ed8      HANDLE01
0000:0e3e      DEVEMES_BLOCK
0000:0e7e      VOLNAME
0000:0f36      PERMCOM
0000:0ed2      OLDTERM
0000:0ec4      NO_CHAR
0000:0e94      BADFAT_OP_SEG
0000:0f35      RESTDIR
0000:0fd0      PIPEPTR
0000:0f33      IO_SAVE
0000:0fd2      PIPESTR
0000:1075*     RESTEST
0000:0ec9      ERRTYPE
0000:1077      RES_TPA
0000:0f47      COM_XLAT_ADDR
0000:0e9e      COMSPEC_PRINT
0000:1059      COM_PTR
0000:0ed6      ERRCD_24
0000:0e3d      DEVEMES_SUBST
0000:0f31      ECHOFLAG
0000:105d      COM_FCB1
0000:0e5d      ERR15MES_BLOCK
0000:1061      COM_FCB2
0000:0f2e      CRIT_ERR_INFO
0000:1345      $M_CLS_3
0000:16fb      $M_CLS_5
0000:15cc      $M_CLS_6
0000:19b4      $M_CLS_7
0000:0fae      PIPEFLAG
0000:0fad      INITFLAG
0000:106c      RDIRCHAR
0000:0e28      DRVNUM_OP_OFF
0000:0f46      NULLFLAG
0000:0e2a      DRVNUM_OP_SEG
0000:0eb4      EXECEMES_BLOCK
0000:0f24      IN_BATCH
0000:0e9c      COMPRMT1_BLOCK
0000:0e5c      ERR15MES_SUBST
0000:1057      ENVIRSEG
0000:0ece      SAVE_PDB
0000:1079      OLDERRNO
0000:0ec3      YES_CHAR
0000:0f23      TRNMVFLG
0000:1065      TRANVARS
0000:0eb3      EXECEMES_SUBST
0000:0e9b      COMPRMT1_SUBST
0000:0f32      SUPPRESS
0000:0e35      DRVNUM_OP_SEG2
0000:0f43      CALL_BATCH_FLAG
0000:0f42      CALL_FLAG
0000:0ec2      FAIL_CHAR
0000:0f37      SINGLECOM
0000:0faf      PIPEFILES
0000:107b      RESMSGEND
0000:19bf      EXTMSGEND
0000:106b      RSWITCHAR
0000:0f29      SUM
0000:1053      INPIPEPTR
0000:15d7      DATARESEND
0000:0f5d      RE_OUTSTR
0000:15d7      PARSE_MSG_START
0000:1057      EXEC_BLOCK
0000:1069      LTPA
0000:1079      TRANVAREND
0000:0ebf      ABORT_CHAR
0000:0f40      NEST
0000:0f44      NEXT_BATCH
0000:0e23      DISP_CLASS
0000:0f55      DBCS_VECTOR_ADDR
0000:0eca      INT_2E_RET
0000:0ec0      RETRY_CHAR
0000:1055      OUTPIPEPTR
0000:0fb0      PIPE1
0000:0fc0      PIPE2
0000:0f3b      FFAIL
0000:0edb      BATCH
0000:0f5c      RE_OUT_APP
0000:0f4c      FUCASE_ADDR
0000:0f5b      APPEND_FLAG
0000:0f25      BATCH_ABORT
0000:0f1d      COMSPEC_END
0000:0ec1      IGNORE_CHAR
0000:0eb2      CPDRV
0000:1067      MYSEG
0000:0f1f      TRANS
0000:0e40      DEVE_OP_OFF
0000:0e42      DEVE_OP_SEG
0000:1350      $M_RT2
0000:0f3c      IFFLAG
0000:0e90      BADFAT_BLOCK
0000:0f2f      RSRC_XA_SEG
0000:0fb3      PIPE1T
0000:0fc3      PIPE2T
0000:106f      MYSEG1
0000:1073      MYSEG2
0000:0e8e      CDEVAT
Module: init.obj(init.asm)
0000:2011*     NXTSTR
0000:1ac0      CONPROC
0000:223d      INIT_CONTC_SPECIALCASE
0000:1f68*     ENVMAXIMUM
Module: uinit.obj(uinit.asm)
0000:2413      OLDENV
0000:2411      ENVMAX
0000:240f      ENVSIZ
0000:2425      PARSEMES_PTR
0000:2417      PARS_MSG_OFF
0000:2419      PARS_MSG_SEG
0000:23f0      INITADD
0000:23fd      ECOMLOC
0000:23b0*     ICONDEV
0000:241d      INITEND
0000:23cd      AUTOBAT
0000:2427      PARSE_COMMAND
0000:2424      DSWITCH
0000:2423      ESWITCH
0000:2415      USEDENV
0000:23ef      PRDATTM
0000:2427      INTERNAT_INFO
0000:249c*     COMND1_OUTPUT
0000:241f      TRNSIZE
0000:248b      COMMAND_C_SYN
0000:2422      EXT_MSG
0000:2466      COMMAND_D_SYN
0000:2472      COMMAND_E_SYN
0000:245a      COMMAND_F_SYN
0000:23be      BADCSPFL
0000:2497      COMMAND_M_SYN
0000:244e      COMMAND_P_SYN
0000:2626      $M_CLS_4
0000:24a7      OLD_PARSE_PTR
0000:23fc      CHUCKENV
0000:23de      KAUTOBAT
0000:23bf      COMSPECT
0000:240d      SCSWITCH
0000:2421      RESETENV
0000:2407      EQUALSIGN
0000:23f4*     PRINT_ADD
0000:24a5      NUM_POSITIONALS
0000:23f8      TRIAGE_ADD
0000:249e      COMND1_SYN
0000:241b      INIT_PARSE
0000:24a0      COMND1_ADDR
0000:249d*     COMND1_CODE
0000:240c      SPACE
0000:249c*     COMND1_TYPE
0000:23ff      COMSPSTRING
0000:2408      LCASEA
0000:240e      UCASEA
0000:240b      BSLASH
0000:240a      FSLASH
0000:2409      LCASEZ
Module: tcode.obj(tcode.asm)
0264:012c      COMMAND
0264:0104      TCOMMAND
0264:03f8      ROM_SCAN
0264:0471      ROM_EXEC
0264:02e1      NOPIPEPROC
0264:02d3      DOCOM
0264:02d6      DOCOM1
Module: tbatch.obj(tbatch.asm)
0264:0552      GETKEYSTROKE
0264:0928*     STRCPY
0264:0572      READBAT
0264:08cc      BATCHOFF
0264:06e3      FREE_TPA
0264:06f3      ALLOC_TPA
0264:04df      PROMPTBAT
0264:06d2*     SKIPTOEOL
0264:0527      OUTPUT_BATCH_NAME
0264:0769      BATCOM
Module: tbatch2.obj(tbatch2.asm)
0264:0ca2      BATOPEN
0264:0b23      IFERLEV
0264:0c8e      BATCLOSE
0264:0ab6      IFEXISTS
0264:09f9      FORERROR
0264:09ff      $IF
0264:0b84      SKIPDELIM
0264:093d      GETBATBYT
0264:0bcc      GOTO
0264:0b98      $CALL
0264:0b51      SHIFT
0264:0a5f      IFNOT
Module: tfor.obj(tfor.asm)
0264:0d15      FORPROC
0264:0e42      $FOR
0264:0f99      FOROFF
Module: tcmd1a.obj(tcmd1a.asm)
0264:0fc0      CATALOG
Module: tcmd1b.obj(tcmd1b.asm)
0264:1525      VOLUME
0264:15c4      SET_FILE_CODE_PAGE
0264:1605      SET_EXT_ERROR_MSG
0264:1396      EXTEND_SETUP
0264:13a4      CRENAME
0264:1455      TYPEFIL
0264:1549      OKVOLARG
0264:1615      GET_EXT_ERROR_NUMBER
0264:15e9      GET_FILE_CODE_PAGE_TAG
0264:131c      ERASE
0264:1393      BADPATH_ERR
0264:130f      PAUSE
Module: tcmd2a.obj(tcmd2a.asm)
0264:163b      PRINT_PROMPT
0264:162c      VERSION
0264:16a5      PRINT_B
0264:169d      PRINT_G
0264:16e9      BUILD_DIR_FOR_CHDIR
0264:16a1      PRINT_L
0264:1635      PRINT_VERSION
0264:1695      PRINT_EQ
0264:17d5      CLS
0264:16c0      BUILD_DIR_FOR_PROMPT
0264:1699      PRINT_ESC
0264:1729      PATH
0264:168f      PRINT_BACK
0264:16a7      PRINT_CHAR
0264:16fa      BUILD_DIR_STRING
0264:16b6      PRINT_DRIVE
Module: tcmd2b.obj(tcmd2b.asm)
0264:19a0      TRUENAME
0264:1a83      PARSE_WITH_MSG
0264:1a6c      PARSE_CHECK_EOL
0264:190a      CHCP
0264:1864      CTTY
0264:1a97      SETUP_PARSE_ERROR_MSG
0264:1a22      $EXIT
Module: tenv.obj(tenv.asm)
0264:1cb5      UPCONV
0264:1bdb      FIND_NAME_IN_ENVIRONMENT
0264:1c8b      TESTKANJ
0264:1d5c      RESTUDIR
0264:1d4f      RESTUDIR1
0264:1bd3      FIND_PATH
0264:1c3c      MOVE_NAME
0264:1cd8      STORE_CHAR
0264:1ab9      ADD_PROMPT
0264:1c69      SCAN_DOUBLE_NULL
0264:1bb1      DELETE_PATH
0264:1c83      SCASB2
0264:1bd8      FIND_PROMPT
0264:1ad3      ADD_NAME_TO_ENVIRONMENT
Module: tenv2.obj(tenv2.asm)
0264:1eb1      SCANOFF
0264:1f29      ERROR_OUTPUT
0264:1e7e*     SAVUDIR
0264:1f01      CRPRINT
0264:1ef6      STRCOMP
0264:1e81      SAVUDIR1
0264:1f43      PATHCHRCMP
0264:1f54      PATHCRUNCH
0264:1ea4      CRLF2
0264:1eb9      DELIM
0264:1d69      $CHDIR
0264:1ed0      FCB_TO_ASCZ
0264:1dcf      $MKDIR
0264:1e43      $RMDIR
Module: tmisc1.obj(tmisc1.asm)
0264:21fc      CERROR
0264:204d      SWITCH
0264:2202      PRESCAN
0264:2159      EXTERNAL
0264:207e      DRVBAD
0264:2087      FNDCOM
Module: tmisc2.obj(tmisc2.asm)
0264:2414      PGETARG
0264:2396      SETPATH
0264:252b      DSTRLEN
0264:2564      MOVE_TO_SRCBUF
0264:2452      TESTDOREIN
0264:2539      TRIAGEERROR
0264:242e      IOSET
0264:2560      TRIAGE_INIT
0264:249a      TESTDOREOUT
Module: tpipe.obj(tpipe.asm)
0264:25f6      PIPEPROCSTRT
0264:25ac      PIPEDEL
0264:2825      PIPEOFF
0264:2702      DATINIT
0264:25a2      SETREST
0264:25a0      SETREST1
0264:264b      PIPEPROC
0264:273a      DATE
0264:258b      SINGLETEST
0264:25cc      PIPEERRSYN
0264:283d      PRINT_TIME
0264:27a4      CTIME
Module: parse2.obj(parse2.asm)
0264:2a0a      ARGV_CALC
0264:28e0      PARSELINE
Module: path1.obj(path1.asm)
0264:2a16      PATH_SEARCH
0264:2b92*     PATH_CRUNCH
0264:2b7e*     STORE_PCHAR
Module: path2.obj(path2.asm)
0264:2c86*     SEARCH_FTYPE
0264:2d43      SAVE_ARGS
0264:2ce1      STRIP
0264:2c07      SEARCH
Module: tucode.obj(tucode.asm)
0264:2ef0      CNTRLC
0264:2f33      VERIFY
0264:2e12      SLASHP_ERASE
0264:2fc4      GETDATE
0264:2daa      NOTEST2
0264:2eb6      ECHO
0264:2faa      PRINT_DATE
Module: copy.obj(copy.asm)
0264:3222      ENDCOPY
0264:2ff7      COPY
Module: copypr1.obj(copypr1.asm)
0264:3852      COPERR
0264:3712      FLSHFIL
0264:3705      TRYFLUSH
Module: copypr2.obj(copypr2.asm)
0264:3896      SETASC
0264:3b0f      COMPNAME
0264:3af3      SETSTARS
0264:3970      BUILDNAME
0264:39a0      BUILDPATH
0264:38b0      BUILDDEST
Module: cparse.obj(cparse.asm)
0264:3c7f*     BADCDERR
0264:3b23      CPARSE
Module: tparse.obj(tparse.asm)
0264:47de      APPEND_PARSE
0264:47da      CMD_PARSE
Module: tprintf.obj(tprintf.asm)
0264:49ac      $M_GET_MSG_ADDRESS
0264:4b1f      SETSTDOUTOFF
0264:4ad4      SETSTDINON
0264:48e5      TSYSGETMSG
0264:47f5      STD_PRINTF
0264:5e31      $M_RT
0264:4aed      SETSTDINOFF
0264:47e6      PRINTF_CRLF
0264:48df      TSYSLOADMSG
0264:47ed      STD_EPRINTF
0264:47e2      PRINTF_INIT
0264:4b06*     SETSTDOUTON
Module: tdata.obj(tdata.asm)
0264:5ad5      PROMPT_TEXT
0264:588b      $M_MSGSERV_1
0264:58ac      $M_MSGSERV_2
0264:5950      SYNTMES_PTR
0264:5c4e      BATEXT
0264:5994      DEL_Y_N_PTR
0264:5d38      PARSE_RENAME
0264:5c46      COMEXT
0264:58c9      BADCPMES_PTR
0264:5c4a      EXEEXT
0264:5ae9      PROMPT_TABLE
0264:5a03      PIPEEMES_PTR
0264:5a09      CTRLCMES_PTR
0264:594a      PAUSEMES_PTR
0264:599d      VOLMES_PTR_2
0264:5a9d      PROMPTDAT_YR
0264:596f      WEEKTAB
0264:5a5b      DISP_FILE_SIZE_PTR
0264:5944      INV_CODE_PAGE
0264:5977      NEWDAT_FORMAT
0264:5a78      TAB_PTR
0264:5abb      DIRDAT_MO_DAY
0264:58b7      MSG_CONT_FLAG
0264:5a4d      FILE_NAME_PTR
0264:5ab4      DIRDATTIM_PTR
0264:5ac6*     DIRTIM_SEC_HN
0264:5968      CURDAT_MO_DAY
0264:598a      CURTIM_SEC_HN
0264:5933      CP_ACTIVE_PTR
0264:5ac4      DIRTIM_HR_MIN
0264:5828      $M_CLS_8
0264:5a8d      PROMPTDAT_PTR
0264:5988      CURTIM_HR_MIN
0264:59c4      VOLSERMES_PTR
0264:5acd      MD_EXISTS_PTR
0264:58bd      EXTEND_BUF_OFF
0264:5a7b      DMES_PTR
0264:58bf      EXTEND_BUF_SEG
0264:58b6      MSG_DISP_CLASS
0264:58ba      EXTEND_BUF_SUB
0264:59e6      BAD_ON_OFF_PTR
0264:5c5f      BATBUFLEN
0264:5aad      PROMTIM_SEC_HN
0264:58b8      EXTEND_BUF_PTR
0264:5a3c*     INVAL_PATH_PTR
0264:5a00      FORNESTMES_PTR
0264:5947      BADCURDRV
0264:5aab      PROMTIM_HR_MIN
0264:59dd      BADCD_PTR
0264:5a69      STRING_BUF_PTR
0264:5a7e      DBACK_PTR
0264:5925      CP_NOT_ALL_PTR
0264:5d1f      PARSE_DIR
0264:5ae4      CLSSTRING
0264:5a81      ACRLF_PTR
0264:5917      CP_NOT_SET_PTR
0264:5ab9      DIRDAT_YR
0264:5cf0      PARSE_VOL
0264:5c61*     NO_VALUES
0264:5966      CURDAT_YR
0264:5a9f      PROMPTDAT_MODAY
0264:5ad0      PATH_TEXT
0264:5a36      ONMES_PTR
0264:594d      BADLAB_PTR
0264:5d35      DIR_W_SYN
0264:58d5      BADBAT_PTR
0264:58de      ACCDEN_PTR
0264:5953      BADDAT_PTR
0264:5ccc      PARSE_DATE
0264:5cad      PARSE_CHCP
0264:58db      BADNAM_PTR
0264:59e0      BADMKD_PTR
0264:59fd      BADDEV_PTR
0264:59e3      BADRMD_PTR
0264:5adc      COMSPECSTR
0264:5980      BADTIM_PTR
0264:5914      BADDRV_PTR
0264:5cde      PARSE_TIME
0264:5a8a      JAPDAT_PTR
0264:58ea      COPIED_PTR
0264:5a06      INBDEV_PTR
0264:5a33      OFFMES_PTR
0264:5a84      USADAT_PTR
0264:5972      NEWDAT_PTR
0264:5956      CURDAT_PTR
0264:58f8      DIRMES_PTR
0264:5a87      EURDAT_PTR
0264:58d2      FULDIR_PTR
0264:5d43      PARSE_CTTY
0264:58c6      RENERR_PTR
0264:5d55      TRANDATAEND
0264:599a      VERMES_PTR
0264:58cf      ENVERR_PTR
0264:5991      NEWTIM_PTR
0264:5b11      IFTAB
0264:5983      CURTIM_PTR
0264:5906      BYTMES_PTR
0264:59ab      VOLMES_PTR
0264:58e1      OVERWR_PTR
0264:5c8a      PARSE_BREAK
0264:5d0b      PARSE_CHDIR
0264:59e9      DIRHEAD_PTR
0264:58d8      NEEDBAT_PTR
0264:5d14      PARSE_ERASE
0264:5c57      XA_CP
0264:59fa      BADPMES_PTR
0264:5d02      PARSE_MRDIR
0264:5a25      ECHOMES_PTR
0264:58cc      NOSPACE_PTR
0264:5a3f      ARG_BUF_PTR
0264:5c52      SWITCH_LIST
0264:5941      NLSFUNC_PTR
0264:5a17      VERIMES_PTR
0264:5a39      DEVWMES_PTR
0264:59f7      NULPATH_PTR
0264:5997      SUREMES_PTR
0264:5b2d      COMTAB
0264:5aa6      PROMTIM_PTR
0264:58e7      INORNOT_PTR
0264:58e4      LOSTERR_PTR
0264:5c87      SLASH_P_SYN
0264:5115*     TRANCODELAST
Module: tspc.obj(tspc.asm)
0264:64e5      SKPDEL
0264:61ca      NXTADD
0264:641f      SRCBUF
0264:64d4      BINARY
0264:653b      KPARSE
0264:61cd      LINCNT
0264:61a6      RESSEG
0264:64e6*     SOURCE
0264:61c8      BYTCNT
0264:6b04      COMPTR
0264:61ba      CURDRV
0264:62f8      PATHSW
0264:64f8      DISPLAY_MODE
0264:61b9      FILTYP
0264:6ce5      TIME_SECONDS
0264:6b86      SEARCH_ERROR
0264:641b      SRCSIZ
0264:63af      ONE_CHAR_VAL
0264:6c8b      INTERNATVARS
0264:6ceb*     DRIVE_NUMBER
0264:6301      SYSTEM_CPAGE
0264:63b5      ROM_CS
0264:63b3      ROM_IP
0264:6525      SUBST_BUFFER
0264:631a      XA_CP_LENGTH
0264:6ce4      TIME_MINUTES
0264:64df      BATHAND
0264:6307      EXT_OPEN_OFF
0264:62fe      DIRFLAG
0264:63a0      STRING_PTR_2
0264:625d      DESTFCB
0264:61d1      CHARBUF
0264:6309      EXT_OPEN_SEG
0264:61ab      DIRCHAR
0264:6479      SCANBUF
0264:6476      SRCHAND
0264:6b88      IF_NOT_COUNT
0264:61cf      FILECNT
0264:63a4      CPYFLAG
0264:6ce7      DRIVE_OUTPUT
0264:6318      XA_LIST_ATTR
0264:64d2      INEXACT
0264:63bc      DESTBUF
0264:62e6      SDIRBUF
0264:625d      DESTDIR
0264:5f82      UCOMBUF
0264:641c      SRCTAIL
0264:62f4      PATHCNT
0264:641e      SRCINFO
0264:631c      ARG_BUF
0264:61c7      SPECDRV
0264:62a0      GOTOLEN
0264:6417      MELCOPY
0264:62fa      FULLSCR
0264:64e1      STARTEL
0264:62f6      PATHPOS
0264:6ce6      TIME_FRACTION
0264:641a      SRCVARS
0264:63b8      DESTSIZ
0264:64d3      NOWRITE
0264:64d5      WRITTEN
0264:64f2      DISPLAY_IOCTL
0264:6221      DESTFCB2
0264:61a4      HEADCALL
0264:63a5      DIR_NUM
0264:6500      DISPLAY_WIDTH
0264:6ccf      PARSE1_OUTPUT
0264:63b1      VOL_DRV
0264:6504      VOL_IOCTL_BUF
0264:639c      FILE_SIZE_LOW
0264:6413      DESTHAND
0264:6088      USERDIR1
0264:6222      ID
0264:63ab      MAJOR_VER_NUM
0264:6252*     DESTNAME
0264:60ce      EXECPATH
0264:64d7      TERMREAD
0264:61b0      RCH_ADDR
0264:6b31      PATHINFO
0264:63b9      DESTTAIL
0264:6cde      DATE_DAY
0264:63bb      DESTINFO
0264:63ad      MINOR_VER_NUM
0264:651f      MSG_FLAG
0264:5ed4      SRCXNAME
0264:641a*     SRCISDIR
0264:6478      SRCISDEV
0264:61aa      SWITCHAR
0264:5f2b      TRGXNAME
0264:63b2      ROM_CALL
0264:6418      MELSTART
0264:63b7      DESTVARS
0264:6b02      LAST_ARG
0264:61cc      FRSTSRCH
0264:639e      FILE_SIZE_HIGH
0264:6520      MSG_NUMB
0264:61b6      TRAN_TPA
0264:6151      RE_INSTR
0264:63a2      COPY_NUM
0264:6523      PRINT_ERR_FLAG
0264:6ccd      BATBUFEND
0264:61b9      IFNOTFLAG
0264:653c      ARG
0264:61ac      EXEC_ADDR
0264:6307      EXT_OPEN_PARMS
0264:6502      LINPERPAG
0264:622a      COM
0264:6cab      BATBUFPOS
0264:61a8      TPA
0264:63b7      DESTISDIR
0264:6415      DESTISDEV
0264:61c4      ALLSWITCH
0264:6a80      ARGBUFPTR
0264:6cdb      DATE_YEAR
0264:650a      VOL_LABEL
0264:61bb      CONCAT_XA
0264:6b37      PSEP_CHAR
0264:6416      FIRSTDEST
0264:6b39      SEARCH_BEST_BUF
0264:6cd7*     DATE_TYPE
0264:6ce3      TIME_HOUR
0264:6cdf*     TIME_TYPE
0264:61bd      ARGC
0264:630d      XA_CP_OUT
0264:6b06      FBUF
0264:61c7      DESTCLOSED
0264:622d      DEST
0264:62f2      BITS
0264:61c2      DESTSWITCH
0264:6cdd      DATE_MONTH
0264:6cd1      PARSE1_SYN
0264:64d9      PLUS
0264:63a7      BYTES_FREE
0264:62ff      PARSE_LAST
0264:6506      VOL_SERIAL
0264:62fd      PLUS_COMMA
0264:6ce7*     DRIVE_TYPE
0264:6305      SRC_XA_SEG
0264:61c6      CFLAG
0264:61c0      ARG1S
0264:61c2      ARG2S
0264:61bc      PARM1
0264:61bd      PARM2
0264:6cd0      PARSE1_CODE
0264:6cd3      PARSE1_ADDR
0264:64d8      ASCII
0264:6221      IDLEN
0264:62fc      COMMA
0264:61b9      RDEOF
0264:6b8a      ZFLAG
0264:6c8b      STACK
0264:64e3      ELCNT
0264:6522      APPEND_EXEC
0264:6b38      SEARCH_BEST
0264:6a82      TPBUF
0264:61c4      ARGTS
0264:64e4      ELPOS
0264:61be      COMSW
0264:6ccf      PARSE1_TYPE
0264:64d0      SRCPT
0264:6ce8*     DRIVE_VALUE
0264:6b46      SEARCH_CURDIR_BUF
0264:64f1      EXT_ENTERED
0264:651d      EXPAND_STAR
0264:6cd7      DATE_OUTPUT
0264:62a0*     EXEFCB
0264:64db      CPDATE
0264:6cad      BATBUF
0264:6cef      TRANSPACEEND
0264:6303      SRC_XA_SIZE
0264:61bc      CONCAT
0264:62a0      BWDBUF
0264:6cdf      TIME_OUTPUT
0264:62a0      DIRBUF
0264:6005      COMBUF
0264:64da      OBJCNT
0264:651e      COMSPEC_FLAG
0264:61ce      LINLEN
0264:64dd      CPTIME
0264:61b8      CHKDRV
Warning! W1014: stack segment not found


                        +-----------------------+
                        |   Linker Statistics   |
                        +-----------------------+

Stack size:  1000 (4096.)
Memory size:  9330 (37680.)
Entry point address: 0000:0100
Link time: 00:00.80
